{
  "_note1": "KEEP THIS FILE! Check it into a version control system (VCS) like git.",
  "_note2": "ObjectBox manages crucial IDs for your object model. See docs for details.",
  "_note3": "If you have VCS merge conflicts, you must resolve them according to ObjectBox docs.",
  "entities": [
    {
      "id": "1:8717895732742165505",
      "lastPropertyId": "1:6050128673802995827",
      "name": "Simple",
      "properties": [
        {
          "id": "1:6050128673802995827",
          "name": "id",
          "type": 6
        }
      ]
    },
    {
      "id": "2:2259404117704393152",
      "lastPropertyId": "22:1929546706668609706",
      "name": "Typeful",
      "properties": [
        {
          "id": "1:501233450539197794",
          "name": "bool",
          "type": 1
        },
        {
          "id": "2:3390393562759376202",
          "name": "byte",
          "type": 2
        },
        {
          "id": "3:2669985732393126063",
          "name": "bytevector",
          "type": 23
        },
        {
          "id": "4:1774932891286980153",
          "name": "double",
          "type": 8
        },
        {
          "id": "5:6044372234677422456",
          "name": "float",
          "type": 7
        },
        {
          "id": "6:8274930044578894929",
          "name": "float32",
          "type": 7
        },
        {
          "id": "7:1543572285742637646",
          "name": "float64",
          "type": 8
        },
        {
          "id": "8:2661732831099943416",
          "name": "id",
          "type": 6
        },
        {
          "id": "9:8325060299420976708",
          "name": "int",
          "type": 5
        },
        {
          "id": "10:7837839688282259259",
          "name": "int16",
          "type": 3
        },
        {
          "id": "11:2518412263346885298",
          "name": "int32",
          "type": 5
        },
        {
          "id": "12:5617773211005988520",
          "name": "int64",
          "type": 6
        },
        {
          "id": "13:2339563716805116249",
          "name": "int8",
          "type": 2
        },
        {
          "id": "14:7144924247938981575",
          "name": "string",
          "type": 9
        },
        {
          "id": "15:161231572858529631",
          "name": "stringvector",
          "type": 30
        },
        {
          "id": "16:7259475919510918339",
          "name": "ubyte",
          "type": 2
        },
        {
          "id": "17:7373105480197164748",
          "name": "ubytevector",
          "type": 23
        },
        {
          "id": "18:3287288577352441706",
          "name": "uint",
          "type": 5
        },
        {
          "id": "19:3930927879439176946",
          "name": "uint16",
          "type": 3
        },
        {
          "id": "20:4706154865122290029",
          "name": "uint32",
          "type": 5
        },
        {
          "id": "21:2217592893536642650",
          "name": "uint64",
          "type": 6
        },
        {
          "id": "22:1929546706668609706",
          "name": "uint8",
          "type": 2
        }
      ]
    }
  ],
  "lastEntityId": "2:2259404117704393152",
  "lastIndexId": "",
  "lastRelationId": "",
  "modelVersion": 5,
  "modelVersionParserMinimum": 5,
  "retiredEntityUids": [],
  "retiredIndexUids": [],
  "retiredPropertyUids": [],
  "retiredRelationUids": [],
  "version": 1
}