{
  "_note1": "KEEP THIS FILE! Check it into a version control system (VCS) like git.",
  "_note2": "ObjectBox manages crucial IDs for your object model. See docs for details.",
  "_note3": "If you have VCS merge conflicts, you must resolve them according to ObjectBox docs.",
  "entities": [
    {
      "id": "1:8717895732742165505",
      "lastPropertyId": "24:959367522974354090",
      "name": "Typeful",
      "flags": 6,
      "properties": [
        {
          "id": "1:6044372234677422456",
          "name": "id",
          "type": 6,
          "flags": 1
        },
        {
          "id": "2:8274930044578894929",
          "name": "int",
          "type": 5
        },
        {
          "id": "3:1543572285742637646",
          "name": "int8",
          "type": 2
        },
        {
          "id": "4:2661732831099943416",
          "name": "int16",
          "type": 3
        },
        {
          "id": "5:8325060299420976708",
          "name": "int32",
          "type": 5
        },
        {
          "id": "6:7837839688282259259",
          "name": "int64",
          "type": 6
        },
        {
          "id": "7:2518412263346885298",
          "name": "uint",
          "type": 5,
          "flags": 8192
        },
        {
          "id": "8:5617773211005988520",
          "name": "uint8",
          "type": 2,
          "flags": 8192
        },
        {
          "id": "9:2339563716805116249",
          "name": "uint16",
          "type": 3,
          "flags": 8192
        },
        {
          "id": "10:7144924247938981575",
          "name": "uint32",
          "type": 5,
          "flags": 8192
        },
        {
          "id": "11:161231572858529631",
          "name": "uint64",
          "type": 6,
          "flags": 8192
        },
        {
          "id": "12:7259475919510918339",
          "name": "bool",
          "type": 1
        },
        {
          "id": "13:7373105480197164748",
          "name": "string",
          "type": 9
        },
        {
          "id": "14:3287288577352441706",
          "name": "stringvector",
          "type": 30
        },
        {
          "id": "15:3930927879439176946",
          "name": "byte",
          "type": 2
        },
        {
          "id": "16:4706154865122290029",
          "name": "ubyte",
          "type": 2,
          "flags": 8192
        },
        {
          "id": "17:2217592893536642650",
          "name": "bytevector",
          "type": 23
        },
        {
          "id": "18:1929546706668609706",
          "name": "ubytevector",
          "type": 23
        },
        {
          "id": "19:6392442863481646880",
          "name": "float32",
          "type": 7
        },
        {
          "id": "20:3706853784096366226",
          "name": "float64",
          "type": 8
        },
        {
          "id": "21:2627038740284806767",
          "name": "float",
          "type": 7
        },
        {
          "id": "22:6303220950515014660",
          "name": "floatvector",
          "type": 28
        },
        {
          "id": "23:4035568504096476779",
          "name": "double",
          "type": 8
        },
        {
          "id": "24:959367522974354090",
          "name": "relId",
          "indexId": "1:2914295034816259174",
          "type": 11,
          "flags": 520,
          "relationTarget": "AnnotatedEntity"
        }
      ]
    },
    {
      "id": "2:2259404117704393152",
      "lastPropertyId": "9:8514850266767180993",
      "name": "AnnotatedEntity",
      "flags": 2,
      "properties": [
        {
          "id": "1:1395437218309923052",
          "name": "identifier",
          "type": 6,
          "flags": 129
        },
        {
          "id": "2:6745438398739480977",
          "name": "name",
          "indexId": "2:2897681629866238117",
          "type": 9,
          "flags": 2048
        },
        {
          "id": "3:3398579248012586914",
          "name": "time",
          "type": 10
        },
        {
          "id": "4:5974317550424871033",
          "name": "relId",
          "indexId": "3:3317123977833389635",
          "type": 11,
          "flags": 520,
          "relationTarget": "Typeful"
        },
        {
          "id": "5:5001958211167890979",
          "name": "unique",
          "indexId": "4:167566062957544642",
          "type": 9,
          "flags": 2080
        },
        {
          "id": "6:4778690082005258714",
          "name": "uniqueValue",
          "indexId": "5:1059542851699319360",
          "type": 9,
          "flags": 40
        },
        {
          "id": "7:6972732843819909978",
          "name": "uniqueHash",
          "indexId": "6:5558237345453186302",
          "type": 9,
          "flags": 2080
        },
        {
          "id": "8:7845762441295307478",
          "name": "uniqueHash64",
          "indexId": "7:771642788862502430",
          "type": 9,
          "flags": 4128
        },
        {
          "id": "9:8514850266767180993",
          "name": "uid",
          "indexId": "8:8683452355129068124",
          "type": 5,
          "flags": 40
        }
      ],
      "relations": [
        {
          "id": "1:4345851588384648695",
          "name": "typefuls",
          "targetId": "1:8717895732742165505"
        },
        {
          "id": "2:7699391924090763411",
          "name": "m2m",
          "targetId": "1:8717895732742165505"
        }
      ]
    },
    {
      "id": "3:6050128673802995827",
      "lastPropertyId": "4:8902041070398994519",
      "name": "ExternalNameType",
      "externalName": "MyExternalTypeName",
      "properties": [
        {
          "id": "1:388440063886460141",
          "name": "id",
          "type": 6,
          "flags": 1
        },
        {
          "id": "2:7561811714888168464",
          "name": "jsonProp",
          "type": 9,
          "externalType": 109
        },
        {
          "id": "3:3959279844101328186",
          "name": "dateCreated",
          "type": 6,
          "externalName": "dateCreatedExtName",
          "flags": 8192
        },
        {
          "id": "4:8902041070398994519",
          "name": "externalUuid",
          "type": 9,
          "externalName": "MyUuidExtProperty",
          "externalType": 102
        }
      ],
      "relations": [
        {
          "id": "3:303089054982227392",
          "name": "children",
          "externalName": "MyExternalRelationName",
          "externalType": 102,
          "targetId": "4:501233450539197794"
        }
      ]
    },
    {
      "id": "4:501233450539197794",
      "lastPropertyId": "2:5392504858645185670",
      "name": "ExternalNameTypeChild",
      "externalName": "MyExternalChildTypeName",
      "properties": [
        {
          "id": "1:7338728586234333996",
          "name": "id",
          "type": 6,
          "flags": 1
        },
        {
          "id": "2:5392504858645185670",
          "name": "text",
          "type": 9
        }
      ]
    },
    {
      "id": "5:3390393562759376202",
      "lastPropertyId": "6:4112921325496946042",
      "name": "HnswVectors",
      "properties": [
        {
          "id": "1:7847956203786849690",
          "name": "id",
          "type": 6,
          "flags": 1
        },
        {
          "id": "2:406703151708498928",
          "name": "hnswVectorEuclidean",
          "indexId": "9:4756106358532488297",
          "type": 28,
          "flags": 8,
          "hnswParams": {
            "dimensions": 3,
            "distance-type": "Euclidean",
            "neighbors-per-node": 10,
            "indexing-search-count": 5,
            "reparation-backlink-probability": 0.7,
            "vector-cache-hint-size-kb": 1024,
            "flags": 15
          }
        },
        {
          "id": "3:5837486892148644279",
          "name": "hnswVectorCosine",
          "indexId": "10:4736217237333769909",
          "type": 28,
          "flags": 8,
          "hnswParams": {
            "dimensions": 2,
            "distance-type": "Cosine"
          }
        },
        {
          "id": "4:2264299874001785192",
          "name": "hnswVectorDot",
          "indexId": "11:1061380815263676471",
          "type": 28,
          "flags": 8,
          "hnswParams": {
            "dimensions": 2,
            "distance-type": "DotProduct"
          }
        },
        {
          "id": "5:7242748068272024738",
          "name": "hnswVectorDotNonNormalized",
          "indexId": "12:7719717197379695442",
          "type": 28,
          "flags": 8,
          "hnswParams": {
            "dimensions": 2,
            "distance-type": "DotProductNonNormalized"
          }
        },
        {
          "id": "6:4112921325496946042",
          "name": "hnswVectorGeo",
          "indexId": "13:2671030200101705776",
          "type": 28,
          "flags": 8,
          "hnswParams": {
            "dimensions": 2,
            "distance-type": "Geo"
          }
        }
      ]
    },
    {
      "id": "6:2669985732393126063",
      "lastPropertyId": "2:8565714761387219319",
      "name": "TSDate",
      "properties": [
        {
          "id": "1:3508963237347473586",
          "name": "id",
          "type": 6,
          "flags": 1
        },
        {
          "id": "2:8565714761387219319",
          "name": "timestamp",
          "type": 10,
          "flags": 16384
        }
      ]
    },
    {
      "id": "7:1774932891286980153",
      "lastPropertyId": "2:1198006251912892506",
      "name": "TSDateNano",
      "properties": [
        {
          "id": "1:4564823113789767141",
          "name": "id",
          "type": 6,
          "flags": 1
        },
        {
          "id": "2:1198006251912892506",
          "name": "timestamp",
          "type": 12,
          "flags": 16384
        }
      ]
    }
  ],
  "lastEntityId": "7:1774932891286980153",
  "lastIndexId": "13:2671030200101705776",
  "lastRelationId": "3:303089054982227392",
  "modelVersion": 5,
  "modelVersionParserMinimum": 5,
  "retiredEntityUids": [],
  "retiredIndexUids": [],
  "retiredPropertyUids": [],
  "retiredRelationUids": [],
  "version": 1
}